// Jest Snapshot v1, https://goo.gl/fbAQLP

exports[`Nav component matches snapshot 1`] = `
<DocumentFragment>
  <header>
    <h1>
      Noah Schnur
    </h1>
    <nav>
      <ul>
        <a
          href="#about"
        >
          About Me
        </a>
      </ul>
      <ul>
        <a
          href="#portflio"
        >
          Portflio
        </a>
      </ul>
      <ul>
        <a
          href="#resume"
        >
          Resume
        </a>
      </ul>
      <ul>
        <a
          href="#contact"
        >
          Contact
        </a>
      </ul>
    </nav>
  </header>
</DocumentFragment>
`;
